// Vitest Snapshot v1, https://vitest.dev/guide/snapshot.html

exports[`convertTo 1`] = `
"number;dateObject;dateTimeObject;stringDate;invalidDate;time
1.2;2025-01-01T00:00:00.000Z;2025-03-03T10:05:06.999Z;1992-08-14T00:00:00Z;;2025-06-14T18:54:09Z"
`;

exports[`convertTo 2`] = `
"# Datas

| number | dateObject | dateTimeObject           | stringDate | invalidDate  | time                     |
| ------ | ---------- | ------------------------ | ---------- | ------------ | ------------------------ |
| 1.2    | 2025-01-01 | 2025-03-03T10:05:06.999Z | 1992-08-14 | Invalid Date | 2025-06-14T18:54:09.000Z |"
`;

exports[`convertTo 3`] = `
"[
    {
        "number": 1.2,
        "dateObject": "2025-01-01T00:00:00.000Z",
        "dateTimeObject": "2025-03-03T10:05:06.999Z",
        "stringDate": "1992-08-14T00:00:00Z",
        "invalidDate": null,
        "time": "2025-06-14T18:54:09Z"
    }
]"
`;
